haxelib : Type not found : T
At line:1 char:1
+ haxelib run lime test windows 2>&1 | tee build_output.txt
+ ~~~~~~~~~~~~~~~~~~~~~~~~~~~~~~~~~~
    + CategoryInfo          : NotSpecified: (Type not found : T:String) [], Re 
   moteException
    + FullyQualifiedErrorId : NativeCommandError
 
